2026-10-02 22:56:37 - INFO - Script launched successfully.
2026-10-02 22:56:38 - INFO - Processing judge 6 of 60...
2026-10-02 22:56:38 - INFO - Processing judge 12 of 60...
2026-10-02 22:56:38 - INFO - Processing judge 18 of 60...
2026-10-02 22:56:39 - INFO - Processing judge 24 of 60...
2026-10-02 22:56:39 - INFO - Processing judge 30 of 60...
2026-10-02 22:56:40 - INFO - Processing judge 36 of 60...
2026-10-02 22:56:40 - INFO - Processing judge 42 of 60...
2026-10-02 22:56:41 - INFO - Processing judge 48 of 60...
2026-10-02 22:56:41 - INFO - Processing judge 54 of 60...
2026-10-02 22:56:42 - INFO - Processing judge 60 of 60...
2026-10-02 22:56:42 - INFO - Processing complete. 34 judges with calendars found.
2026-10-02 22:56:42 - INFO - Processed 9 checks.
2026-10-02 22:56:51 - INFO - Alert successfully sent to stfriedland@gmail.com.
2026-10-02 22:56:54 - INFO - Alert successfully sent to steven_friedland@ca9.uscourts.gov.
2026-10-02 22:56:54 - INFO - No calendars found for matt.pham@fciplaw.com.
2026-10-02 22:56:54 - INFO - No calendars found for matt.pham@fciplaw.com.
2026-10-02 22:56:57 - INFO - Alert successfully sent to matt.pham@fciplaw.com.
2026-10-02 22:56:57 - INFO - No calendars found for michael.friedland@fciplaw.com.
2026-10-02 22:56:57 - INFO - No calendars found for michael.friedland@fciplaw.com.
2026-10-02 22:57:02 - INFO - Alert successfully sent to michael.friedland@fciplaw.com.
2026-10-02 22:57:02 - INFO - Alerts sent to 4 subscribers.
