2026-10-10 22:26:47 - INFO - ======================================================================
2026-10-10 22:26:47 - INFO - CAED SACRAMENTO JUDGE CALENDAR
2026-10-10 22:26:47 - INFO - ======================================================================
2026-10-10 22:26:47 - INFO - Opening CAED public-information page...
2026-10-10 22:26:54 - INFO -   Connected successfully (200)
2026-10-10 22:26:54 - INFO - ======================================================================
2026-10-10 22:26:54 - INFO - RETRIEVING SACRAMENTO JUDGE CALENDARS
2026-10-10 22:26:54 - INFO - ======================================================================
2026-10-10 22:26:54 - INFO - SKIPPING WEEKEND:
2026-10-10 22:26:54 - INFO - Saturday, October 10, 2026
2026-10-10 22:26:54 - INFO - SKIPPING WEEKEND:
2026-10-10 22:26:54 - INFO - Sunday, October 11, 2026
2026-10-10 22:26:54 - INFO - DATE: Monday, October 12, 2026
2026-10-10 22:26:54 - INFO - ----------------------------------------------------------------------
2026-10-10 22:26:54 - INFO -   10/12/2026 | Brennan      | JudgeID 5027 ...
2026-10-10 22:26:55 - INFO -   10/12/2026 | Calabretta   | JudgeID 5090 ...
2026-10-10 22:26:55 - INFO -   10/12/2026 | Claire       | JudgeID 5062 ...
2026-10-10 22:26:56 - INFO -   10/12/2026 | Coggins      | JudgeID 5096 ...
2026-10-10 22:26:56 - INFO -   10/12/2026 | Delaney      | JudgeID 5055 ...
2026-10-10 22:26:56 - INFO -   10/12/2026 | Drozd        | JudgeID 5088 ...
2026-10-10 22:26:57 - INFO -   10/12/2026 | Kim          | JudgeID 5091 ...
2026-10-10 22:26:57 - INFO -   10/12/2026 | Mendez       | JudgeID 5037 ...
2026-10-10 22:26:57 - INFO -   10/12/2026 | Nunley       | JudgeID 5067 ...
2026-10-10 22:26:58 - INFO -   10/12/2026 | Peterson     | JudgeID 5085 ...
2026-10-10 22:26:58 - INFO -   10/12/2026 | Riordan      | JudgeID 5095 ...
2026-10-10 22:26:59 - INFO -   10/12/2026 | Shubb        | JudgeID 5005 ...
2026-10-10 22:26:59 - INFO - DATE: Tuesday, October 13, 2026
2026-10-10 22:26:59 - INFO - ----------------------------------------------------------------------
2026-10-10 22:26:59 - INFO -   10/13/2026 | Brennan      | JudgeID 5027 ...
2026-10-10 22:26:59 - INFO -   10/13/2026 | Calabretta   | JudgeID 5090 ...
2026-10-10 22:27:00 - INFO -   10/13/2026 | Claire       | JudgeID 5062 ...
2026-10-10 22:27:00 - INFO -   10/13/2026 | Coggins      | JudgeID 5096 ...
2026-10-10 22:27:01 - INFO -   10/13/2026 | Delaney      | JudgeID 5055 ...
2026-10-10 22:27:01 - INFO -   10/13/2026 | Drozd        | JudgeID 5088 ...
2026-10-10 22:27:02 - INFO -   10/13/2026 | Kim          | JudgeID 5091 ...
2026-10-10 22:27:02 - INFO -   10/13/2026 | Mendez       | JudgeID 5037 ...
2026-10-10 22:27:02 - INFO -   10/13/2026 | Nunley       | JudgeID 5067 ...
2026-10-10 22:27:03 - INFO -   10/13/2026 | Peterson     | JudgeID 5085 ...
2026-10-10 22:27:03 - INFO -   10/13/2026 | Riordan      | JudgeID 5095 ...
2026-10-10 22:27:04 - INFO -   10/13/2026 | Shubb        | JudgeID 5005 ...
2026-10-10 22:27:04 - INFO - DATE: Wednesday, October 14, 2026
2026-10-10 22:27:04 - INFO - ----------------------------------------------------------------------
2026-10-10 22:27:04 - INFO -   10/14/2026 | Brennan      | JudgeID 5027 ...
2026-10-10 22:27:04 - INFO -   10/14/2026 | Calabretta   | JudgeID 5090 ...
2026-10-10 22:27:05 - INFO -   10/14/2026 | Claire       | JudgeID 5062 ...
2026-10-10 22:27:05 - INFO -   10/14/2026 | Coggins      | JudgeID 5096 ...
2026-10-10 22:27:06 - INFO -   10/14/2026 | Delaney      | JudgeID 5055 ...
2026-10-10 22:27:06 - INFO -   10/14/2026 | Drozd        | JudgeID 5088 ...
2026-10-10 22:27:06 - INFO -   10/14/2026 | Kim          | JudgeID 5091 ...
2026-10-10 22:27:07 - INFO -   10/14/2026 | Mendez       | JudgeID 5037 ...
2026-10-10 22:27:07 - INFO -   10/14/2026 | Nunley       | JudgeID 5067 ...
2026-10-10 22:27:07 - INFO -   10/14/2026 | Peterson     | JudgeID 5085 ...
2026-10-10 22:27:08 - INFO -   10/14/2026 | Riordan      | JudgeID 5095 ...
2026-10-10 22:27:08 - INFO -   10/14/2026 | Shubb        | JudgeID 5005 ...
2026-10-10 22:27:09 - INFO - DATE: Thursday, October 15, 2026
2026-10-10 22:27:09 - INFO - ----------------------------------------------------------------------
2026-10-10 22:27:09 - INFO -   10/15/2026 | Brennan      | JudgeID 5027 ...
2026-10-10 22:27:09 - INFO -   10/15/2026 | Calabretta   | JudgeID 5090 ...
2026-10-10 22:27:09 - INFO -   10/15/2026 | Claire       | JudgeID 5062 ...
2026-10-10 22:27:10 - INFO -   10/15/2026 | Coggins      | JudgeID 5096 ...
2026-10-10 22:27:10 - INFO -   10/15/2026 | Delaney      | JudgeID 5055 ...
2026-10-10 22:27:11 - INFO -   10/15/2026 | Drozd        | JudgeID 5088 ...
2026-10-10 22:27:11 - INFO -   10/15/2026 | Kim          | JudgeID 5091 ...
2026-10-10 22:27:11 - INFO -   10/15/2026 | Mendez       | JudgeID 5037 ...
2026-10-10 22:27:12 - INFO -   10/15/2026 | Nunley       | JudgeID 5067 ...
2026-10-10 22:27:12 - INFO -   10/15/2026 | Peterson     | JudgeID 5085 ...
2026-10-10 22:27:13 - INFO -   10/15/2026 | Riordan      | JudgeID 5095 ...
2026-10-10 22:27:13 - INFO -   10/15/2026 | Shubb        | JudgeID 5005 ...
2026-10-10 22:27:13 - INFO - DATE: Friday, October 16, 2026
2026-10-10 22:27:13 - INFO - ----------------------------------------------------------------------
2026-10-10 22:27:13 - INFO -   10/16/2026 | Brennan      | JudgeID 5027 ...
2026-10-10 22:27:14 - INFO -   10/16/2026 | Calabretta   | JudgeID 5090 ...
2026-10-10 22:27:14 - INFO -   10/16/2026 | Claire       | JudgeID 5062 ...
2026-10-10 22:27:15 - INFO -   10/16/2026 | Coggins      | JudgeID 5096 ...
2026-10-10 22:27:15 - INFO -   10/16/2026 | Delaney      | JudgeID 5055 ...
2026-10-10 22:27:16 - INFO -   10/16/2026 | Drozd        | JudgeID 5088 ...
2026-10-10 22:27:16 - INFO -   10/16/2026 | Kim          | JudgeID 5091 ...
2026-10-10 22:27:16 - INFO -   10/16/2026 | Mendez       | JudgeID 5037 ...
2026-10-10 22:27:17 - INFO -   10/16/2026 | Nunley       | JudgeID 5067 ...
2026-10-10 22:27:17 - INFO -   10/16/2026 | Peterson     | JudgeID 5085 ...
2026-10-10 22:27:18 - INFO -   10/16/2026 | Riordan      | JudgeID 5095 ...
2026-10-10 22:27:18 - INFO -   10/16/2026 | Shubb        | JudgeID 5005 ...
2026-10-10 22:27:18 - INFO - Total calendar matters found: 69
2026-10-10 22:27:18 - INFO - ======================================================================
2026-10-10 22:27:18 - INFO - CREATING PDF
2026-10-10 22:27:18 - INFO - ======================================================================
2026-10-10 22:27:18 - INFO - PDF created:
2026-10-10 22:27:18 - INFO -   Sacramento_Judge_Calendar.pdf
2026-10-10 22:27:18 - INFO -   Matters: 69
2026-10-10 22:27:18 - INFO - ======================================================================
2026-10-10 22:27:18 - INFO - SENDING CALENDAR EMAILS
2026-10-10 22:27:18 - INFO - ======================================================================
2026-10-10 22:27:29 - INFO - Calendar successfully sent to stfriedland@gmail.com.
2026-10-10 22:27:34 - INFO - Calendar successfully sent to steven_friedland@ca9.uscourts.gov.
2026-10-10 22:27:34 - INFO - ======================================================================
2026-10-10 22:27:34 - INFO - DONE
2026-10-10 22:27:34 - INFO - ======================================================================
